// Jest Snapshot v1, https://goo.gl/fbAQLP

exports[`render car list 1`] = `
"<div>
  <table>
    <thead>
      <tr>
        <td>id</td>
        <td>Name</td>
        <td>Remarks</td>
      </tr>
    </thead>
    <tbody>
      <tr>
        <td>abel</td>
        <td>test</td>
      </tr>
      <tr>
        <td>elvie</td>
        <td>test2</td>
      </tr>
    </tbody>
  </table>
</div>"
`;
